// Jest Snapshot v1, https://goo.gl/fbAQLP

exports[`<AdvancedSettings /> Tests should render correctly and match snapshot 1`] = `
[
  <View
    style={
      {
        "borderBottomColor": "#e5e5e5",
        "borderBottomWidth": 1,
        "flexDirection": "row",
        "justifyContent": "space-between",
      }
    }
  >
    <View
      accessibilityState={
        {
          "busy": undefined,
          "checked": undefined,
          "disabled": undefined,
          "expanded": undefined,
          "selected": undefined,
        }
      }
      accessibilityValue={
        {
          "max": undefined,
          "min": undefined,
          "now": undefined,
          "text": undefined,
        }
      }
      accessible={true}
      collapsable={false}
      focusable={true}
      onBlur={[Function]}
      onClick={[Function]}
      onFocus={[Function]}
      onResponderGrant={[Function]}
      onResponderMove={[Function]}
      onResponderRelease={[Function]}
      onResponderTerminate={[Function]}
      onResponderTerminationRequest={[Function]}
      onStartShouldSetResponder={[Function]}
      style={
        {
          "flex": 1,
        }
      }
      testID="advanced-settings-reload-all-apps-button"
    >
      <View
        style={
          {
            "flexDirection": "column",
            "justifyContent": "center",
            "padding": 10,
          }
        }
      >
        <Text
          style={
            {
              "color": "#808080",
            }
          }
        >
          Reload all apps
        </Text>
      </View>
    </View>
  </View>,
  <View
    style={
      {
        "borderBottomColor": "#e5e5e5",
        "borderBottomWidth": 1,
        "flexDirection": "row",
        "justifyContent": "space-between",
      }
    }
  >
    <View
      accessibilityState={
        {
          "busy": undefined,
          "checked": undefined,
          "disabled": undefined,
          "expanded": undefined,
          "selected": undefined,
        }
      }
      accessibilityValue={
        {
          "max": undefined,
          "min": undefined,
          "now": undefined,
          "text": undefined,
        }
      }
      accessible={true}
      collapsable={false}
      focusable={true}
      onBlur={[Function]}
      onClick={[Function]}
      onFocus={[Function]}
      onResponderGrant={[Function]}
      onResponderMove={[Function]}
      onResponderRelease={[Function]}
      onResponderTerminate={[Function]}
      onResponderTerminationRequest={[Function]}
      onStartShouldSetResponder={[Function]}
      style={
        {
          "flex": 1,
        }
      }
      testID="advanced-settings-clear-recent-apps-button"
    >
      <View
        style={
          {
            "flexDirection": "column",
            "justifyContent": "center",
            "padding": 10,
          }
        }
      >
        <Text
          style={
            {
              "color": "#808080",
            }
          }
        >
          Clear recent apps
        </Text>
      </View>
    </View>
  </View>,
  <View
    style={
      {
        "borderBottomColor": "#e5e5e5",
        "borderBottomWidth": 1,
        "flexDirection": "row",
        "justifyContent": "space-between",
      }
    }
  >
    <View
      accessibilityState={
        {
          "busy": undefined,
          "checked": undefined,
          "disabled": undefined,
          "expanded": undefined,
          "selected": undefined,
        }
      }
      accessibilityValue={
        {
          "max": undefined,
          "min": undefined,
          "now": undefined,
          "text": undefined,
        }
      }
      accessible={true}
      collapsable={false}
      focusable={true}
      onBlur={[Function]}
      onClick={[Function]}
      onFocus={[Function]}
      onResponderGrant={[Function]}
      onResponderMove={[Function]}
      onResponderRelease={[Function]}
      onResponderTerminate={[Function]}
      onResponderTerminationRequest={[Function]}
      onStartShouldSetResponder={[Function]}
      style={
        {
          "flex": 1,
        }
      }
      testID="advanced-settings-clear-favorite-apps-button"
    >
      <View
        style={
          {
            "flexDirection": "column",
            "justifyContent": "center",
            "padding": 10,
          }
        }
      >
        <Text
          style={
            {
              "color": "#808080",
            }
          }
        >
          Clear favorite apps
        </Text>
      </View>
    </View>
  </View>,
  <View
    style={
      {
        "borderBottomColor": "#e5e5e5",
        "borderBottomWidth": 1,
        "flexDirection": "row",
        "justifyContent": "space-between",
      }
    }
  >
    <View
      accessibilityState={
        {
          "busy": undefined,
          "checked": undefined,
          "disabled": undefined,
          "expanded": undefined,
          "selected": undefined,
        }
      }
      accessibilityValue={
        {
          "max": undefined,
          "min": undefined,
          "now": undefined,
          "text": undefined,
        }
      }
      accessible={true}
      collapsable={false}
      focusable={true}
      onBlur={[Function]}
      onClick={[Function]}
      onFocus={[Function]}
      onResponderGrant={[Function]}
      onResponderMove={[Function]}
      onResponderRelease={[Function]}
      onResponderTerminate={[Function]}
      onResponderTerminationRequest={[Function]}
      onStartShouldSetResponder={[Function]}
      style={
        {
          "flex": 1,
        }
      }
      testID="advanced-settings-reset-preferences-button"
    >
      <View
        style={
          {
            "flexDirection": "column",
            "justifyContent": "center",
            "padding": 10,
          }
        }
      >
        <Text
          style={
            {
              "color": "#808080",
            }
          }
        >
          Reset settings
        </Text>
      </View>
    </View>
  </View>,
]
`;
